Importing modules...
Loading cached units from /tmp/tax_units_cache.parquet...
  43,282 units loaded
Enriching + base tax + calibrating (one-time)...

==============================================================================
SCENARIO LOW: alpha=1.7 reec=obbba_severe behav=high corp_agi=True top_premium=+0.003
  reec_eff_share=0.65 cgec_growth=0.020 macro_shock=none
==============================================================================
  Synthesis: 1,824 filers @ $1M+ (100.0%), $673.9M tax (101.7%), tail_k=1.5745
  Behavioral: ETI=0.6, migration_elast=0.15, pte_capture=0.9
  TY 2027: static=+70.1M  ETI=-5.6M  PTE=-56.8M  -> bracket=+7.8M  credit=+40.8M  TOTAL=+48.5M  (108.4s)
  TY 2028: static=+76.6M  ETI=-12.6M  PTE=-56.5M  -> bracket=+7.6M  credit=+66.0M  TOTAL=+73.6M  (107.9s)
  TY 2029: static=+91.1M  ETI=-20.8M  PTE=-55.7M  -> bracket=+14.6M  credit=+79.7M  TOTAL=+94.4M  (106.0s)
  TY 2030: static=+96.6M  ETI=-27.0M  PTE=-54.8M  -> bracket=+14.8M  credit=+77.8M  TOTAL=+92.6M  (106.6s)
  TY 2031: static=+103.7M  ETI=-37.3M  PTE=-53.4M  -> bracket=+13.1M  credit=+124.1M  TOTAL=+137.2M  (106.6s)

==============================================================================
SCENARIO MID: alpha=1.5 reec=obbba_mid behav=mid corp_agi=False top_premium=+0.013
  reec_eff_share=0.8 cgec_growth=0.030 macro_shock=none
==============================================================================
  Synthesis: 1,824 filers @ $1M+ (100.0%), $668.3M tax (100.8%), tail_k=1.2793
  Behavioral: ETI=0.4, migration_elast=0.1, pte_capture=0.7
  TY 2027: static=+70.1M  ETI=-3.7M  PTE=-45.3M  -> bracket=+21.2M  credit=+56.2M  TOTAL=+77.4M  (107.0s)
  TY 2028: static=+78.3M  ETI=-8.5M  PTE=-46.9M  -> bracket=+23.0M  credit=+90.3M  TOTAL=+113.3M  (106.7s)
  TY 2029: static=+95.5M  ETI=-14.3M  PTE=-48.2M  -> bracket=+32.9M  credit=+105.2M  TOTAL=+138.1M  (105.7s)
  TY 2030: static=+103.3M  ETI=-19.2M  PTE=-49.7M  -> bracket=+34.4M  credit=+103.1M  TOTAL=+137.5M  (106.4s)
  TY 2031: static=+112.9M  ETI=-25.9M  PTE=-50.8M  -> bracket=+36.2M  credit=+148.3M  TOTAL=+184.5M  (106.8s)

==============================================================================
SCENARIO HIGH: alpha=1.4 reec=pre_obbba behav=low corp_agi=False top_premium=+0.023
  reec_eff_share=1.0 cgec_growth=0.040 macro_shock=none
==============================================================================
  Synthesis: 1,824 filers @ $1M+ (100.0%), $664.9M tax (100.3%), tail_k=1.1001
  Behavioral: ETI=0.15, migration_elast=0.05, pte_capture=0.4
  TY 2027: static=+71.5M  ETI=-1.2M  PTE=-27.0M  -> bracket=+43.3M  credit=+73.4M  TOTAL=+116.8M  (106.7s)
  TY 2028: static=+81.6M  ETI=-4.3M  PTE=-29.1M  -> bracket=+48.2M  credit=+116.0M  TOTAL=+164.2M  (107.0s)
  TY 2029: static=+101.6M  ETI=-7.6M  PTE=-31.1M  -> bracket=+62.9M  credit=+131.4M  TOTAL=+194.3M  (105.5s)
  TY 2030: static=+111.9M  ETI=-9.6M  PTE=-33.3M  -> bracket=+69.0M  credit=+129.5M  TOTAL=+198.4M  (105.5s)
  TY 2031: static=+124.2M  ETI=-12.9M  PTE=-35.5M  -> bracket=+75.8M  credit=+176.6M  TOTAL=+252.4M  (103.5s)

==============================================================================
SCENARIO RECESSION: alpha=1.5 reec=obbba_mid behav=mid corp_agi=False top_premium=+0.013
  reec_eff_share=0.8 cgec_growth=0.030 macro_shock=moderate
==============================================================================
  Synthesis: 1,824 filers @ $1M+ (100.0%), $668.3M tax (100.8%), tail_k=1.2793
  Behavioral: ETI=0.4, migration_elast=0.1, pte_capture=0.7
  TY 2027: static=+65.0M  ETI=-3.5M  PTE=-42.6M  -> bracket=+18.9M  credit=+56.2M  TOTAL=+75.1M  (103.7s)
  TY 2028: static=+72.5M  ETI=-6.3M  PTE=-44.9M  -> bracket=+21.3M  credit=+90.3M  TOTAL=+111.6M  (103.3s)
  TY 2029: static=+93.0M  ETI=-15.6M  PTE=-47.2M  -> bracket=+30.2M  credit=+105.2M  TOTAL=+135.4M  (101.1s)
  TY 2030: static=+103.5M  ETI=-20.0M  PTE=-49.3M  -> bracket=+34.2M  credit=+103.1M  TOTAL=+137.3M  (102.0s)
  TY 2031: static=+112.9M  ETI=-25.9M  PTE=-50.8M  -> bracket=+36.2M  credit=+148.3M  TOTAL=+184.5M  (102.3s)

====================================================================================================
SB 3125 CD1 ENHANCED FISCAL IMPACT  ($M, vs Act 46 baseline, with behavioral response)
====================================================================================================

Total annual fiscal impact ($M, post-behavioral):
scenario       LOW       MID      HIGH  RECESSION
tax_year                                         
2027          48.5      77.4     116.8       75.1
2028          73.6     113.3     164.2      111.7
2029          94.4     138.1     194.2      135.4
2030          92.6     137.5     198.4      137.3
2031         137.2     184.5     252.4      184.5
5yr cum      446.3     650.9     926.0      644.0

Bracket-change impact (post-ETI/migration/PTE) ($M):
scenario       LOW       MID      HIGH  RECESSION
tax_year                                         
2027           7.8      21.2      43.4       18.9
2028           7.6      23.0      48.2       21.3
2029          14.6      32.9      62.9       30.2
2030          14.8      34.4      69.0       34.2
2031          13.1      36.2      75.8       36.2
5yr cum       57.9     147.6     299.2      140.8

Bracket-change impact, COR-scaled to actual revenue base ($M):
scenario       LOW       MID      HIGH  RECESSION
tax_year                                         
2027          11.0      29.7      59.9       27.7
2028          10.3      30.7      63.3       29.5
2029          21.0      46.1      85.7       43.1
2030          20.4      45.9      89.1       46.1
2031          17.5      46.7      94.0       46.7
5yr cum       80.2     199.0     391.9      193.0

Credit-cap impact ($M):
scenario       LOW       MID      HIGH  RECESSION
tax_year                                         
2027          40.8      56.2      73.4       56.2
2028          66.0      90.3     116.0       90.3
2029          79.7     105.2     131.4      105.2
2030          77.8     103.1     129.5      103.1
2031         124.1     148.3     176.6      148.3
5yr cum      388.4     503.2     626.8      503.2

----------------------------------------------------------------------------------------------------
BEHAVIORAL DECOMPOSITION (MID scenario, TY 2027):
----------------------------------------------------------------------------------------------------
  Static bracket delta:                   $  +70.10M
  ETI/migration response (income shrink): $   -3.67M
  PTE election shift to entity tax:       $  -45.26M
  Post-behavioral bracket delta:          $  +21.17M
  COR-scaled (×1.401):                $  +29.66M

Saved: /tmp/sb3125_cd1_enhanced_2027_2031.csv
Total elapsed: 2162.9s
